python : WARNING:root:Selenium not installed. Install with: pip install selenium webdriver-manager
At line:1 char:79
+ ... utionplus ; python test_descriptive_save.py > test_output.txt 2>&1 ;  ...
+                 ~~~~~~~~~~~~~~~~~~~~~~~~~~~~~~~~~~~~~~~~~~~~~~~~~~~~~~
    + CategoryInfo          : NotSpecified: (WARNING:root:Se...bdriver-manager:String) [], RemoteException
    + FullyQualifiedErrorId : NativeCommandError
 
Traceback (most recent call last):
  File "C:\Users\newwe\Desktop\tution\tutionplus\django\django_project\genai\tasks\current_affairs.py", line 856, in 
save_descriptive_to_database
    year_now=year_now,
  File "C:\Users\newwe\AppData\Local\Programs\Python\Python37\lib\site-packages\django\db\models\manager.py", line 82, in 
manager_method
    return getattr(self.get_queryset(), name)(*args, **kwargs)
  File "C:\Users\newwe\AppData\Local\Programs\Python\Python37\lib\site-packages\django\db\models\query.py", line 433, in create
    obj.save(force_insert=True, using=self.db)
  File "C:\Users\newwe\Desktop\tution\tutionplus\django\django_project\bank\models.py", line 124, in save
    super(current_affairs, self).save(*args, **kwargs)
NameError: name 'current_affairs' is not defined
ERROR:genai.tasks.current_affairs:Error saving descriptive content: name 'current_affairs' is not defined

================================================================================
RUNNING: fetch_all_content for descriptive
================================================================================

[CONFIG] Looking for .env at: C:\Users\newwe\Desktop\tution\tutionplus\.env
[CONFIG] .env exists: True
[CONFIG] load_dotenv() result: True
[CONFIG] GROQ_MAX_OUTPUT_TOKENS from env: 8192
[CONFIG] Final GROQ_MAX_OUTPUT_TOKENS: 8192
[OK] GenAI Configuration loaded (Default Provider: GROQ)

======================================================================
≡ƒôï MANAGEMENT COMMAND STARTED: fetch_all_content
   Content Type: currentaffairs_descriptive
   Schedule Time: None
   Log ID: 73
======================================================================
  Γ£à Using existing ProcessingLog entry (ID: 73)
≡ƒÜÇ Starting fetch task (ID: 73)...
≡ƒô░ Fetching Current Affairs Descriptive content...
  ≡ƒô₧ Calling fetch_and_process_current_affairs('currentaffairs_descriptive')...

======================================================================
≡ƒÄ» fetch_and_process_current_affairs() CALLED
   Content Type: currentaffairs_descriptive
   Skip Scraping: False
======================================================================
  ≡ƒôì Initializing CurrentAffairsProcessor...
  Γ£ô Processor initialized successfully
  ≡ƒô₧ Calling processor.run_complete_pipeline('currentaffairs_descriptive', skip_scraping=False)...

======================================================================
≡ƒÜÇ PIPELINE START - Content Type: currentaffairs_descriptive
======================================================================

[STEP 1] SCRAPING...

≡ƒôï [SCRAPER] scrape_from_sources() - Starting scrape for content_type: currentaffairs_descriptive
  Γ£ô Found 1 active sources in ContentSource
    - https://www.gktoday.in/bhairav-battalion-and-suryastra-debut-at-republic-day-parade/

  ≡ƒöä [1/1] Fetching from: https://www.gktoday.in/bhairav-battalion-and-suryastra-debut-at-republic-day-parade/
    [FETCH] Falling back to requests...
    [FETCH] Γ£à Requests succeeded (62792 bytes)
    Γ£ô HTML fetched, extracting content...
    [EXTRACTION] Parsing HTML structure...
    [EXTRACTION] Found 12 article containers
      Γ£ô Article 1: Extracted title (60 chars), body (359 chars)
      Γ£ô Article 2: Extracted title (60 chars), body (359 chars)
      Γ£ô Article 4: Extracted title (55 chars), body (359 chars)
    Γ£ô Extracted 3 items from URL
    Γ£ô Combined 3 items into 1 content block for LLM

≡ƒôï [SCRAPER] Total content items for processing: 1 (1 per source URL)


Γ£à [STEP 1] Scraped 1 articles

[STEP 2] PROCESSING & SAVING...

  [1/1] Processing: Bhairav Battalion and Suryastra Debut at Republic ...
    Source URL: https://www.gktoday.in/bhairav-battalion-and-suryastra-debut-at-republic-day-parade/
  ≡ƒôï [PROCESSOR] process_descriptive_content() - Starting descriptive generation
  ≡ƒôï [PROMPT_GEN] generate_descriptive_prompt() - Source: https://www.gktoday.in/bhairav-battalion
  ≡ƒôï [PROMPT] get_prompt_from_database() - Type: descriptive, Source: https://www.gktoday.in/bhairav-battalion-and-surya
    Γ£ô Found SITE-SPECIFIC prompt for https://www.gktoday.in/bhairav-battalion-and-surya
    Γ£ô Using DATABASE prompt for descriptive generation
    ΓÜá∩╕Å  Used manual substitution for prompt (length: 4275 chars)
    ≡ƒôñ Sending to LLM...

================================================================================
[GROQ API CALL]
================================================================================
Model: openai/gpt-oss-120b
Max Tokens is: 8192
Temperature: 0.7
Prompt Length: 4382 chars
Prompt Preview (first 300 chars):
You are an expert Current Affairs analyst and competitive-exam content creator.

Your task is to convert the given current affairs article into a HIGH-QUALITY

descriptive current affairs entry exactly matching an exam-oriented Indian

Current Affairs website.



CONTENT TO ANALYZE:

Title:

Bhairav
================================================================================


================================================================================
[GROQ RESPONSE]
================================================================================
Response Length: 2044
Response Preview:
{
  "upper_heading": "Bhairav Battalion and Suryastra make debut at Republic Day Parade",
  "yellow_heading": "Showcasing new combat formations and indigenous weapon systems",
  "key_1": "First public display of Bhairav Battalion and Suryastra system",
  "key_2": "Parade held at Kartavya Path, New Delhi",
  "key_3": "Shift towards agility, indigenous firepower and battlefield realism",
  "key_4": "Implications for IndiaΓÇÖs defence doctrine and indigenisation drive",
  "all_key_points": "ΓÇó The 77t
================================================================================


================================================================================
[LLM RAW RESPONSE]
================================================================================
Response Type: str
Response Length: 2044
Response Empty: False
First 500 chars:
{
  "upper_heading": "Bhairav Battalion and Suryastra make debut at Republic Day Parade",
  "yellow_heading": "Showcasing new combat formations and indigenous weapon systems",
  "key_1": "First public display of Bhairav Battalion and Suryastra system",
  "key_2": "Parade held at Kartavya Path, New Delhi",
  "key_3": "Shift towards agility, indigenous firepower and battlefield realism",
  "key_4": "Implications for IndiaΓÇÖs defence doctrine and indigenisation drive",
  "all_key_points": "ΓÇó The 77t

Last 200 chars:
}",
  "url": "{source_url}",
  "categories": [
    "Defence",
    "National"
  ],
  "ca_img": "https://akm-img-a-in.tosshub.com/indiatoday/images/story/201909/current_affairs_new_0.png?size=690:388"
}
================================================================================

    Γ£ô LLM response received: <class 'dict'>
  ≡ƒôï [SAVER] save_descriptive_to_database()
      ≡ƒôà Found ContentSource with date: 2026-01-27
      Γ£ô Extracted - Year: 2026, Month: January, Day: 27
    Γ£ô Creating descriptive entry: Bhairav Battalion and Suryastra make debut at Repu...
    [ERROR] ERROR saving descriptive: name 'current_affairs' is not defined

======================================================================
Γ£à PIPELINE COMPLETE
  Mode: Standard Scraping
  Total Processed: 0
  Errors: 0
======================================================================

  Γ£à Pipeline completed, returning result
  Γ£à Descriptive processing completed, result: {'content_type': 'currentaffairs_descriptive', 'articles_scraped': 1, 'processed_items': [], 'errors': [], 'mode': 'standard'}
  Γ£ô Current Affairs: 0 items processed

Γ£à Task completed in 380.10s
   Success: 0 | Errors: 0

================================================================================
CHECKING DATABASE
================================================================================

Total descriptive entries in DB: 202

Latest Entry:
  ID: 268
  Heading: India opened Zokhawthar immigration check-post in Mizoram along Myanma
  Date: 2018-08-31
  Defence: False, National: True
